%!Adobe-FontList 1.13
%Locale:0x409

%BeginFont
Handler:DirectoryHandler
FontType:Invalid
OutlineFileName:D:\Projects\Website Work\todsquare\New_theme_08-Aug-12\Font\font.css
FileModTime:1349871048
%EndFont

%BeginFont
Handler:DirectoryHandler
FontType:Invalid
OutlineFileName:D:\Projects\Website Work\todsquare\New_theme_08-Aug-12\Font\gotham-m.eot
FileModTime:1344402150
%EndFont

%BeginFont
Handler:DirectoryHandler
FontType:Invalid
OutlineFileName:D:\Projects\Website Work\todsquare\New_theme_08-Aug-12\Font\gotham-m.svg
FileModTime:1344402150
%EndFont

%BeginFont
Handler:DirectoryHandler
FontType:TrueType
FontName:Gotham-Medium
FamilyName:Gotham
StyleName:Regular
FullName:Gotham-Medium
MenuName:Gotham
StyleBits:0
WritingScript:Roman
OutlineFileName:D:\Projects\Website Work\todsquare\New_theme_08-Aug-12\Font\gotham-m.ttf
DataFormat:sfntData
FileLength:30588
FileModTime:1344402150
WeightClass:500
WidthClass:5
AngleClass:0
%EndFont

%BeginFont
Handler:DirectoryHandler
FontType:Invalid
OutlineFileName:D:\Projects\Website Work\todsquare\New_theme_08-Aug-12\Font\gotham-m.woff
FileModTime:1344402150
%EndFont

%BeginFont
Handler:DirectoryHandler
FontType:Invalid
OutlineFileName:D:\Projects\Website Work\todsquare\New_theme_08-Aug-12\Font\gothambook-webfont.eot
FileModTime:1344402150
%EndFont

%BeginFont
Handler:DirectoryHandler
FontType:TrueType
FontName:GothamBook
FamilyName:GothamBook
StyleName:Regular
FullName:GothamBook Regular
MenuName:GothamBook
StyleBits:0
WritingScript:Roman
OutlineFileName:D:\Projects\Website Work\todsquare\New_theme_08-Aug-12\Font\gothambook-webfont.ttf
DataFormat:sfntData
FileLength:36308
FileModTime:1344402150
WeightClass:500
WidthClass:5
AngleClass:0
%EndFont

%BeginFont
Handler:DirectoryHandler
FontType:Invalid
OutlineFileName:D:\Projects\Website Work\todsquare\New_theme_08-Aug-12\Font\gothambook-webfont.woff
FileModTime:1344402150
%EndFont

%BeginFont
Handler:DirectoryHandler
FontType:Invalid
OutlineFileName:D:\Projects\Website Work\todsquare\New_theme_08-Aug-12\Font\helveticaneueltcom-bd.eot
FileModTime:1344402150
%EndFont

%BeginFont
Handler:DirectoryHandler
FontType:Invalid
OutlineFileName:D:\Projects\Website Work\todsquare\New_theme_08-Aug-12\Font\helveticaneueltcom-bd.html
FileModTime:1344402150
%EndFont

%BeginFont
Handler:DirectoryHandler
FontType:Invalid
OutlineFileName:D:\Projects\Website Work\todsquare\New_theme_08-Aug-12\Font\helveticaneueltcom-bd.svg
FileModTime:1344402150
%EndFont

%BeginFont
Handler:DirectoryHandler
FontType:TrueType
FontName:HelveticaNeueLTCom-Bd
FamilyName:Helvetica Neue LT Com
StyleName:75 Bold
FullName:Helvetica Neue LT Com 75 Bold
MenuName:HelveticaNeueLT Com 55 Roman
StyleBits:2
WritingScript:Roman
OutlineFileName:D:\Projects\Website Work\todsquare\New_theme_08-Aug-12\Font\helveticaneueltcom-bd.ttf
DataFormat:sfntData
FileLength:108524
FileModTime:1344402150
WeightClass:700
WidthClass:5
AngleClass:0
%EndFont

%BeginFont
Handler:DirectoryHandler
FontType:Invalid
OutlineFileName:D:\Projects\Website Work\todsquare\New_theme_08-Aug-12\Font\mvgcn___-webfont.eot
FileModTime:1344402150
%EndFont

%BeginFont
Handler:DirectoryHandler
FontType:TrueType
FontName:MVGothicCond
FamilyName:MVGothicCond
StyleName:Regular
FullName:MVGothicCond Regular
MenuName:MVGothicCond
StyleBits:0
WritingScript:Roman
OutlineFileName:D:\Projects\Website Work\todsquare\New_theme_08-Aug-12\Font\mvgcn___-webfont.ttf
DataFormat:sfntData
FileLength:40620
FileModTime:1344402150
WeightClass:400
WidthClass:5
AngleClass:0
%EndFont

%BeginFont
Handler:DirectoryHandler
FontType:Invalid
OutlineFileName:D:\Projects\Website Work\todsquare\New_theme_08-Aug-12\Font\mvgcn___-webfont.woff
FileModTime:1344402150
%EndFont

%BeginFont
Handler:DirectoryHandler
FontType:Invalid
OutlineFileName:D:\Projects\Website Work\todsquare\New_theme_08-Aug-12\Font\OpenSans-Bold-webfont.eot
FileModTime:1344402149
%EndFont

%BeginFont
Handler:DirectoryHandler
FontType:Invalid
OutlineFileName:D:\Projects\Website Work\todsquare\New_theme_08-Aug-12\Font\OpenSans-Bold-webfont.svg
FileModTime:1344402149
%EndFont

%BeginFont
Handler:DirectoryHandler
FontType:TrueType
FontName:OpenSans-Bold
FamilyName:Open Sans
StyleName:Bold
FullName:Open Sans Bold
MenuName:Open Sans
StyleBits:2
WritingScript:Roman
OutlineFileName:D:\Projects\Website Work\todsquare\New_theme_08-Aug-12\Font\OpenSans-Bold-webfont.ttf
DataFormat:sfntData
FileLength:21012
FileModTime:1344402149
WeightClass:700
WidthClass:5
AngleClass:0
%EndFont

%BeginFont
Handler:DirectoryHandler
FontType:Invalid
OutlineFileName:D:\Projects\Website Work\todsquare\New_theme_08-Aug-12\Font\OpenSans-Bold-webfont.woff
FileModTime:1344402149
%EndFont

%BeginFont
Handler:DirectoryHandler
FontType:Invalid
OutlineFileName:D:\Projects\Website Work\todsquare\New_theme_08-Aug-12\Font\OpenSans-BoldItalic-webfont.eot
FileModTime:1344402149
%EndFont

%BeginFont
Handler:DirectoryHandler
FontType:Invalid
OutlineFileName:D:\Projects\Website Work\todsquare\New_theme_08-Aug-12\Font\OpenSans-BoldItalic-webfont.svg
FileModTime:1344402149
%EndFont

%BeginFont
Handler:DirectoryHandler
FontType:TrueType
FontName:OpenSans-BoldItalic
FamilyName:Open Sans
StyleName:Bold Italic
FullName:Open Sans Bold Italic
MenuName:Open Sans
StyleBits:3
WritingScript:Roman
OutlineFileName:D:\Projects\Website Work\todsquare\New_theme_08-Aug-12\Font\OpenSans-BoldItalic-webfont.ttf
DataFormat:sfntData
FileLength:23304
FileModTime:1344402149
WeightClass:700
WidthClass:5
AngleClass:1
%EndFont

%BeginFont
Handler:DirectoryHandler
FontType:Invalid
OutlineFileName:D:\Projects\Website Work\todsquare\New_theme_08-Aug-12\Font\OpenSans-BoldItalic-webfont.woff
FileModTime:1344402149
%EndFont

%BeginFont
Handler:DirectoryHandler
FontType:Invalid
OutlineFileName:D:\Projects\Website Work\todsquare\New_theme_08-Aug-12\Font\OpenSans-CondBold-webfont.eot
FileModTime:1344402149
%EndFont

%BeginFont
Handler:DirectoryHandler
FontType:Invalid
OutlineFileName:D:\Projects\Website Work\todsquare\New_theme_08-Aug-12\Font\OpenSans-CondBold-webfont.svg
FileModTime:1344402149
%EndFont

%BeginFont
Handler:DirectoryHandler
FontType:TrueType
FontName:OpenSans-CondensedBold
FamilyName:Open Sans Condensed
StyleName:Bold
FullName:Open Sans Condensed Bold
MenuName:Open Sans Condensed
StyleBits:2
WritingScript:Roman
OutlineFileName:D:\Projects\Website Work\todsquare\New_theme_08-Aug-12\Font\OpenSans-CondBold-webfont.ttf
DataFormat:sfntData
FileLength:22432
FileModTime:1344402149
WeightClass:700
WidthClass:3
AngleClass:0
%EndFont

%BeginFont
Handler:DirectoryHandler
FontType:Invalid
OutlineFileName:D:\Projects\Website Work\todsquare\New_theme_08-Aug-12\Font\OpenSans-CondBold-webfont.woff
FileModTime:1344402149
%EndFont

%BeginFont
Handler:DirectoryHandler
FontType:Invalid
OutlineFileName:D:\Projects\Website Work\todsquare\New_theme_08-Aug-12\Font\OpenSans-CondLight-webfont.eot
FileModTime:1344402149
%EndFont

%BeginFont
Handler:DirectoryHandler
FontType:Invalid
OutlineFileName:D:\Projects\Website Work\todsquare\New_theme_08-Aug-12\Font\OpenSans-CondLight-webfont.svg
FileModTime:1344402149
%EndFont

%BeginFont
Handler:DirectoryHandler
FontType:TrueType
FontName:OpenSans-CondensedLight
FamilyName:Open Sans
StyleName:Condensed Light
FullName:Open Sans Condensed Light
MenuName:Open Sans
StyleBits:0
WritingScript:Roman
OutlineFileName:D:\Projects\Website Work\todsquare\New_theme_08-Aug-12\Font\OpenSans-CondLight-webfont.ttf
DataFormat:sfntData
FileLength:22952
FileModTime:1344402149
WeightClass:300
WidthClass:3
AngleClass:0
%EndFont

%BeginFont
Handler:DirectoryHandler
FontType:Invalid
OutlineFileName:D:\Projects\Website Work\todsquare\New_theme_08-Aug-12\Font\OpenSans-CondLight-webfont.woff
FileModTime:1344402149
%EndFont

%BeginFont
Handler:DirectoryHandler
FontType:Invalid
OutlineFileName:D:\Projects\Website Work\todsquare\New_theme_08-Aug-12\Font\OpenSans-CondLightItalic-webfont.eot
FileModTime:1344402149
%EndFont

%BeginFont
Handler:DirectoryHandler
FontType:Invalid
OutlineFileName:D:\Projects\Website Work\todsquare\New_theme_08-Aug-12\Font\OpenSans-CondLightItalic-webfont.svg
FileModTime:1344402149
%EndFont

%BeginFont
Handler:DirectoryHandler
FontType:TrueType
FontName:OpenSans-CondensedLightItalic
FamilyName:Open Sans
StyleName:Condensed Light Italic
FullName:Open Sans Condensed Light Italic
MenuName:Open Sans
StyleBits:1
WritingScript:Roman
OutlineFileName:D:\Projects\Website Work\todsquare\New_theme_08-Aug-12\Font\OpenSans-CondLightItalic-webfont.ttf
DataFormat:sfntData
FileLength:26272
FileModTime:1344402149
WeightClass:300
WidthClass:3
AngleClass:1
%EndFont

%BeginFont
Handler:DirectoryHandler
FontType:Invalid
OutlineFileName:D:\Projects\Website Work\todsquare\New_theme_08-Aug-12\Font\OpenSans-CondLightItalic-webfont.woff
FileModTime:1344402149
%EndFont

%BeginFont
Handler:DirectoryHandler
FontType:Invalid
OutlineFileName:D:\Projects\Website Work\todsquare\New_theme_08-Aug-12\Font\OpenSans-ExtraBold-webfont.eot
FileModTime:1344402149
%EndFont

%BeginFont
Handler:DirectoryHandler
FontType:Invalid
OutlineFileName:D:\Projects\Website Work\todsquare\New_theme_08-Aug-12\Font\OpenSans-ExtraBold-webfont.svg
FileModTime:1344402149
%EndFont

%BeginFont
Handler:DirectoryHandler
FontType:TrueType
FontName:OpenSans-Extrabold
FamilyName:Open Sans
StyleName:Extrabold
FullName:Open Sans Extrabold
MenuName:Open Sans
StyleBits:2
WritingScript:Roman
OutlineFileName:D:\Projects\Website Work\todsquare\New_theme_08-Aug-12\Font\OpenSans-ExtraBold-webfont.ttf
DataFormat:sfntData
FileLength:20988
FileModTime:1344402149
WeightClass:800
WidthClass:5
AngleClass:0
%EndFont

%BeginFont
Handler:DirectoryHandler
FontType:Invalid
OutlineFileName:D:\Projects\Website Work\todsquare\New_theme_08-Aug-12\Font\OpenSans-ExtraBold-webfont.woff
FileModTime:1344402150
%EndFont

%BeginFont
Handler:DirectoryHandler
FontType:Invalid
OutlineFileName:D:\Projects\Website Work\todsquare\New_theme_08-Aug-12\Font\OpenSans-ExtraBoldItalic-webfont.eot
FileModTime:1344402150
%EndFont

%BeginFont
Handler:DirectoryHandler
FontType:Invalid
OutlineFileName:D:\Projects\Website Work\todsquare\New_theme_08-Aug-12\Font\OpenSans-ExtraBoldItalic-webfont.svg
FileModTime:1344402150
%EndFont

%BeginFont
Handler:DirectoryHandler
FontType:TrueType
FontName:OpenSans-ExtraboldItalic
FamilyName:Open Sans
StyleName:Extrabold Italic
FullName:Open Sans Extrabold Italic
MenuName:Open Sans
StyleBits:3
WritingScript:Roman
OutlineFileName:D:\Projects\Website Work\todsquare\New_theme_08-Aug-12\Font\OpenSans-ExtraBoldItalic-webfont.ttf
DataFormat:sfntData
FileLength:22860
FileModTime:1344402150
WeightClass:800
WidthClass:5
AngleClass:1
%EndFont

%BeginFont
Handler:DirectoryHandler
FontType:Invalid
OutlineFileName:D:\Projects\Website Work\todsquare\New_theme_08-Aug-12\Font\OpenSans-ExtraBoldItalic-webfont.woff
FileModTime:1344402150
%EndFont

%BeginFont
Handler:DirectoryHandler
FontType:Invalid
OutlineFileName:D:\Projects\Website Work\todsquare\New_theme_08-Aug-12\Font\OpenSans-Italic-webfont.eot
FileModTime:1344402150
%EndFont

%BeginFont
Handler:DirectoryHandler
FontType:Invalid
OutlineFileName:D:\Projects\Website Work\todsquare\New_theme_08-Aug-12\Font\OpenSans-Italic-webfont.svg
FileModTime:1344402150
%EndFont

%BeginFont
Handler:DirectoryHandler
FontType:TrueType
FontName:OpenSans-Italic
FamilyName:Open Sans
StyleName:Italic
FullName:Open Sans Italic
MenuName:Open Sans
StyleBits:1
WritingScript:Roman
OutlineFileName:D:\Projects\Website Work\todsquare\New_theme_08-Aug-12\Font\OpenSans-Italic-webfont.ttf
DataFormat:sfntData
FileLength:23680
FileModTime:1344402150
WeightClass:400
WidthClass:5
AngleClass:1
%EndFont

%BeginFont
Handler:DirectoryHandler
FontType:Invalid
OutlineFileName:D:\Projects\Website Work\todsquare\New_theme_08-Aug-12\Font\OpenSans-Italic-webfont.woff
FileModTime:1344402150
%EndFont

%BeginFont
Handler:DirectoryHandler
FontType:Invalid
OutlineFileName:D:\Projects\Website Work\todsquare\New_theme_08-Aug-12\Font\OpenSans-Light-webfont.eot
FileModTime:1344402150
%EndFont

%BeginFont
Handler:DirectoryHandler
FontType:Invalid
OutlineFileName:D:\Projects\Website Work\todsquare\New_theme_08-Aug-12\Font\OpenSans-Light-webfont.svg
FileModTime:1344402150
%EndFont

%BeginFont
Handler:DirectoryHandler
FontType:TrueType
FontName:OpenSans-Light
FamilyName:Open Sans
StyleName:Light
FullName:Open Sans Light
MenuName:Open Sans
StyleBits:0
WritingScript:Roman
OutlineFileName:D:\Projects\Website Work\todsquare\New_theme_08-Aug-12\Font\OpenSans-Light-webfont.ttf
DataFormat:sfntData
FileLength:20704
FileModTime:1344402150
WeightClass:300
WidthClass:5
AngleClass:0
%EndFont

%BeginFont
Handler:DirectoryHandler
FontType:Invalid
OutlineFileName:D:\Projects\Website Work\todsquare\New_theme_08-Aug-12\Font\OpenSans-Light-webfont.woff
FileModTime:1344402150
%EndFont

%BeginFont
Handler:DirectoryHandler
FontType:Invalid
OutlineFileName:D:\Projects\Website Work\todsquare\New_theme_08-Aug-12\Font\OpenSans-LightItalic-webfont.eot
FileModTime:1344402150
%EndFont

%BeginFont
Handler:DirectoryHandler
FontType:Invalid
OutlineFileName:D:\Projects\Website Work\todsquare\New_theme_08-Aug-12\Font\OpenSans-LightItalic-webfont.svg
FileModTime:1344402150
%EndFont

%BeginFont
Handler:DirectoryHandler
FontType:TrueType
FontName:OpenSansLight-Italic
FamilyName:Open Sans
StyleName:Light Italic
FullName:Open Sans Light Italic
MenuName:Open Sans
StyleBits:1
WritingScript:Roman
OutlineFileName:D:\Projects\Website Work\todsquare\New_theme_08-Aug-12\Font\OpenSans-LightItalic-webfont.ttf
DataFormat:sfntData
FileLength:23864
FileModTime:1344402150
WeightClass:300
WidthClass:5
AngleClass:1
%EndFont

%BeginFont
Handler:DirectoryHandler
FontType:Invalid
OutlineFileName:D:\Projects\Website Work\todsquare\New_theme_08-Aug-12\Font\OpenSans-LightItalic-webfont.woff
FileModTime:1344402150
%EndFont

%BeginFont
Handler:DirectoryHandler
FontType:Invalid
OutlineFileName:D:\Projects\Website Work\todsquare\New_theme_08-Aug-12\Font\OpenSans-Regular-webfont.eot
FileModTime:1344402150
%EndFont

%BeginFont
Handler:DirectoryHandler
FontType:Invalid
OutlineFileName:D:\Projects\Website Work\todsquare\New_theme_08-Aug-12\Font\OpenSans-Regular-webfont.svg
FileModTime:1344402150
%EndFont

%BeginFont
Handler:DirectoryHandler
FontType:TrueType
FontName:OpenSans
FamilyName:Open Sans
StyleName:Regular
FullName:Open Sans Regular
MenuName:Open Sans
StyleBits:0
WritingScript:Roman
OutlineFileName:D:\Projects\Website Work\todsquare\New_theme_08-Aug-12\Font\OpenSans-Regular-webfont.ttf
DataFormat:sfntData
FileLength:20688
FileModTime:1344402150
WeightClass:400
WidthClass:5
AngleClass:0
%EndFont

%BeginFont
Handler:DirectoryHandler
FontType:Invalid
OutlineFileName:D:\Projects\Website Work\todsquare\New_theme_08-Aug-12\Font\OpenSans-Regular-webfont.woff
FileModTime:1344402150
%EndFont

%BeginFont
Handler:DirectoryHandler
FontType:Invalid
OutlineFileName:D:\Projects\Website Work\todsquare\New_theme_08-Aug-12\Font\OpenSans-Semibold-webfont.eot
FileModTime:1344402150
%EndFont

%BeginFont
Handler:DirectoryHandler
FontType:Invalid
OutlineFileName:D:\Projects\Website Work\todsquare\New_theme_08-Aug-12\Font\OpenSans-Semibold-webfont.svg
FileModTime:1344402150
%EndFont

%BeginFont
Handler:DirectoryHandler
FontType:TrueType
FontName:OpenSans-Semibold
FamilyName:Open Sans
StyleName:Semibold
FullName:Open Sans Semibold
MenuName:Open Sans
StyleBits:2
WritingScript:Roman
OutlineFileName:D:\Projects\Website Work\todsquare\New_theme_08-Aug-12\Font\OpenSans-Semibold-webfont.ttf
DataFormat:sfntData
FileLength:20852
FileModTime:1344402150
WeightClass:600
WidthClass:5
AngleClass:0
%EndFont

%BeginFont
Handler:DirectoryHandler
FontType:Invalid
OutlineFileName:D:\Projects\Website Work\todsquare\New_theme_08-Aug-12\Font\OpenSans-Semibold-webfont.woff
FileModTime:1344402150
%EndFont

%BeginFont
Handler:DirectoryHandler
FontType:Invalid
OutlineFileName:D:\Projects\Website Work\todsquare\New_theme_08-Aug-12\Font\opensans-semibold.eot
FileModTime:1344402150
%EndFont

%BeginFont
Handler:DirectoryHandler
FontType:Invalid
OutlineFileName:D:\Projects\Website Work\todsquare\New_theme_08-Aug-12\Font\opensans-semibold.svg
FileModTime:1344402150
%EndFont

%BeginFont
Handler:DirectoryHandler
FontType:TrueType
FontName:OpenSans-Semibold
FamilyName:Open Sans
StyleName:Semibold
FullName:Open Sans Semibold
MenuName:Open Sans Semibold
StyleBits:2
WritingScript:Roman
OutlineFileName:D:\Projects\Website Work\todsquare\New_theme_08-Aug-12\Font\opensans-semibold.ttf
DataFormat:sfntData
FileLength:102776
FileModTime:1344402150
WeightClass:600
WidthClass:5
AngleClass:0
%EndFont

%BeginFont
Handler:DirectoryHandler
FontType:Invalid
OutlineFileName:D:\Projects\Website Work\todsquare\New_theme_08-Aug-12\Font\opensans-semibold.woff
FileModTime:1344402150
%EndFont

%BeginFont
Handler:DirectoryHandler
FontType:Invalid
OutlineFileName:D:\Projects\Website Work\todsquare\New_theme_08-Aug-12\Font\OpenSans-SemiboldItalic-webfont.eot
FileModTime:1344402150
%EndFont

%BeginFont
Handler:DirectoryHandler
FontType:Invalid
OutlineFileName:D:\Projects\Website Work\todsquare\New_theme_08-Aug-12\Font\OpenSans-SemiboldItalic-webfont.svg
FileModTime:1344402150
%EndFont

%BeginFont
Handler:DirectoryHandler
FontType:TrueType
FontName:OpenSans-SemiboldItalic
FamilyName:Open Sans
StyleName:Semibold Italic
FullName:Open Sans Semibold Italic
MenuName:Open Sans
StyleBits:3
WritingScript:Roman
OutlineFileName:D:\Projects\Website Work\todsquare\New_theme_08-Aug-12\Font\OpenSans-SemiboldItalic-webfont.ttf
DataFormat:sfntData
FileLength:23660
FileModTime:1344402150
WeightClass:600
WidthClass:5
AngleClass:1
%EndFont

%BeginFont
Handler:DirectoryHandler
FontType:Invalid
OutlineFileName:D:\Projects\Website Work\todsquare\New_theme_08-Aug-12\Font\OpenSans-SemiboldItalic-webfont.woff
FileModTime:1344402150
%EndFont

%BeginFont
Handler:DirectoryHandler
FontType:Invalid
OutlineFileName:D:\Projects\Website Work\todsquare\New_theme_08-Aug-12\Font\ubuntumono-r-webfont.eot
FileModTime:1344402150
%EndFont

%BeginFont
Handler:DirectoryHandler
FontType:Invalid
OutlineFileName:D:\Projects\Website Work\todsquare\New_theme_08-Aug-12\Font\ubuntumono-r-webfont.svg
FileModTime:1344402150
%EndFont

%BeginFont
Handler:DirectoryHandler
FontType:TrueType
FontName:UbuntuMono-Regular
FamilyName:Ubuntu Mono
StyleName:Regular
FullName:Ubuntu Mono Regular
MenuName:Ubuntu Mono
StyleBits:0
WritingScript:Roman
OutlineFileName:D:\Projects\Website Work\todsquare\New_theme_08-Aug-12\Font\ubuntumono-r-webfont.ttf
DataFormat:sfntData
FileLength:48136
FileModTime:1344402150
WeightClass:400
WidthClass:5
AngleClass:0
%EndFont

%BeginFont
Handler:DirectoryHandler
FontType:Invalid
OutlineFileName:D:\Projects\Website Work\todsquare\New_theme_08-Aug-12\Font\ubuntumono-r-webfont.woff
FileModTime:1344402150
%EndFont

%BeginFont
Handler:DirectoryHandler
FontType:Invalid
OutlineFileName:D:\Projects\Website Work\todsquare\New_theme_08-Aug-12\Font\VeraMono-webfont.eot
FileModTime:1344402150
%EndFont

%BeginFont
Handler:DirectoryHandler
FontType:Invalid
OutlineFileName:D:\Projects\Website Work\todsquare\New_theme_08-Aug-12\Font\VeraMono-webfont.svg
FileModTime:1344402150
%EndFont

%BeginFont
Handler:DirectoryHandler
FontType:TrueType
FontName:BitstreamVeraSansMono-Roman
FamilyName:Bitstream Vera Sans Mono
StyleName:Roman
FullName:Bitstream Vera Sans Mono Roman
MenuName:Bitstream Vera Sans Mono
StyleBits:0
WritingScript:Roman
OutlineFileName:D:\Projects\Website Work\todsquare\New_theme_08-Aug-12\Font\VeraMono-webfont.ttf
DataFormat:sfntData
FileLength:36956
FileModTime:1344402150
WeightClass:400
WidthClass:5
AngleClass:0
%EndFont

%BeginFont
Handler:DirectoryHandler
FontType:Invalid
OutlineFileName:D:\Projects\Website Work\todsquare\New_theme_08-Aug-12\Font\VeraMono-webfont.woff
FileModTime:1344402150
%EndFont

%BeginFont
Handler:DirectoryHandler
FontType:Invalid
OutlineFileName:D:\Projects\Website Work\todsquare\New_theme_08-Aug-12\Font\test\75.zip
FileModTime:1344402155
%EndFont

%BeginFont
Handler:DirectoryHandler
FontType:Invalid
OutlineFileName:D:\Projects\Website Work\todsquare\New_theme_08-Aug-12\Font\test\generator_config.txt
FileModTime:1344402155
%EndFont

%BeginFont
Handler:DirectoryHandler
FontType:Invalid
OutlineFileName:D:\Projects\Website Work\todsquare\New_theme_08-Aug-12\Font\test\gotham-book.rar
FileModTime:1344402155
%EndFont

%BeginFont
Handler:DirectoryHandler
FontType:Invalid
OutlineFileName:D:\Projects\Website Work\todsquare\New_theme_08-Aug-12\Font\test\gotham-m.zip
FileModTime:1344402156
%EndFont

%BeginFont
Handler:DirectoryHandler
FontType:Invalid
OutlineFileName:D:\Projects\Website Work\todsquare\New_theme_08-Aug-12\Font\test\mvgcn___-demo.html
FileModTime:1344402156
%EndFont

%BeginFont
Handler:DirectoryHandler
FontType:Invalid
OutlineFileName:D:\Projects\Website Work\todsquare\New_theme_08-Aug-12\Font\test\mvgcn___-webfont.eot
FileModTime:1344402156
%EndFont

%BeginFont
Handler:DirectoryHandler
FontType:TrueType
FontName:MVGothicCond
FamilyName:MVGothicCond
StyleName:Regular
FullName:MVGothicCond Regular
MenuName:MVGothicCond
StyleBits:0
WritingScript:Roman
OutlineFileName:D:\Projects\Website Work\todsquare\New_theme_08-Aug-12\Font\test\mvgcn___-webfont.ttf
DataFormat:sfntData
FileLength:40620
FileModTime:1344402156
WeightClass:400
WidthClass:5
AngleClass:0
%EndFont

%BeginFont
Handler:DirectoryHandler
FontType:Invalid
OutlineFileName:D:\Projects\Website Work\todsquare\New_theme_08-Aug-12\Font\test\mvgcn___-webfont.woff
FileModTime:1344402156
%EndFont

%BeginFont
Handler:DirectoryHandler
FontType:Invalid
OutlineFileName:D:\Projects\Website Work\todsquare\New_theme_08-Aug-12\Font\test\myrid-con.zip
FileModTime:1344402156
%EndFont

%BeginFont
Handler:DirectoryHandler
FontType:Invalid
OutlineFileName:D:\Projects\Website Work\todsquare\New_theme_08-Aug-12\Font\test\opensans-semibold1337061183.zip
FileModTime:1344402156
%EndFont

%BeginFont
Handler:DirectoryHandler
FontType:Invalid
OutlineFileName:D:\Projects\Website Work\todsquare\New_theme_08-Aug-12\Font\test\stylesheet.css
FileModTime:1344402156
%EndFont

%BeginFont
Handler:DirectoryHandler
FontType:Invalid
OutlineFileName:D:\Projects\Website Work\todsquare\New_theme_08-Aug-12\Font\test\specimen_files\easytabs.js
FileModTime:1344402160
%EndFont

%BeginFont
Handler:DirectoryHandler
FontType:Invalid
OutlineFileName:D:\Projects\Website Work\todsquare\New_theme_08-Aug-12\Font\test\specimen_files\grid_12-825-55-15.css
FileModTime:1344402160
%EndFont

%BeginFont
Handler:DirectoryHandler
FontType:Invalid
OutlineFileName:D:\Projects\Website Work\todsquare\New_theme_08-Aug-12\Font\test\specimen_files\mvgcn___-cleartype.png
FileModTime:1344402160
%EndFont

%BeginFont
Handler:DirectoryHandler
FontType:Invalid
OutlineFileName:D:\Projects\Website Work\todsquare\New_theme_08-Aug-12\Font\test\specimen_files\specimen_stylesheet.css
FileModTime:1344402160
%EndFont

%BeginFont
Handler:DirectoryHandler
FontType:Invalid
OutlineFileName:D:\Projects\Website Work\todsquare\New_theme_08-Aug-12\Font\test\opensans-semibold1337061183\opensans-semibold.eot
FileModTime:1344402160
%EndFont

%BeginFont
Handler:DirectoryHandler
FontType:Invalid
OutlineFileName:D:\Projects\Website Work\todsquare\New_theme_08-Aug-12\Font\test\opensans-semibold1337061183\opensans-semibold.html
FileModTime:1344402160
%EndFont

%BeginFont
Handler:DirectoryHandler
FontType:Invalid
OutlineFileName:D:\Projects\Website Work\todsquare\New_theme_08-Aug-12\Font\test\opensans-semibold1337061183\opensans-semibold.svg
FileModTime:1344402160
%EndFont

%BeginFont
Handler:DirectoryHandler
FontType:TrueType
FontName:OpenSans-Semibold
FamilyName:Open Sans
StyleName:Semibold
FullName:Open Sans Semibold
MenuName:Open Sans Semibold
StyleBits:2
WritingScript:Roman
OutlineFileName:D:\Projects\Website Work\todsquare\New_theme_08-Aug-12\Font\test\opensans-semibold1337061183\opensans-semibold.ttf
DataFormat:sfntData
FileLength:102776
FileModTime:1344402160
WeightClass:600
WidthClass:5
AngleClass:0
%EndFont

%BeginFont
Handler:DirectoryHandler
FontType:Invalid
OutlineFileName:D:\Projects\Website Work\todsquare\New_theme_08-Aug-12\Font\test\opensans-semibold1337061183\opensans-semibold.woff
FileModTime:1344402160
%EndFont

%BeginFont
Handler:DirectoryHandler
FontType:Invalid
OutlineFileName:D:\Projects\Website Work\todsquare\New_theme_08-Aug-12\Font\test\gotham-m\gotham-m.eot
FileModTime:1344402160
%EndFont

%BeginFont
Handler:DirectoryHandler
FontType:Invalid
OutlineFileName:D:\Projects\Website Work\todsquare\New_theme_08-Aug-12\Font\test\gotham-m\gotham-m.html
FileModTime:1344402160
%EndFont

%BeginFont
Handler:DirectoryHandler
FontType:Invalid
OutlineFileName:D:\Projects\Website Work\todsquare\New_theme_08-Aug-12\Font\test\gotham-m\gotham-m.svg
FileModTime:1344402160
%EndFont

%BeginFont
Handler:DirectoryHandler
FontType:TrueType
FontName:Gotham-Medium
FamilyName:Gotham
StyleName:Regular
FullName:Gotham-Medium
MenuName:Gotham
StyleBits:0
WritingScript:Roman
OutlineFileName:D:\Projects\Website Work\todsquare\New_theme_08-Aug-12\Font\test\gotham-m\gotham-m.ttf
DataFormat:sfntData
FileLength:30588
FileModTime:1344402160
WeightClass:500
WidthClass:5
AngleClass:0
%EndFont

%BeginFont
Handler:DirectoryHandler
FontType:Invalid
OutlineFileName:D:\Projects\Website Work\todsquare\New_theme_08-Aug-12\Font\test\gotham-m\gotham-m.woff
FileModTime:1344402160
%EndFont

%BeginFont
Handler:DirectoryHandler
FontType:Invalid
OutlineFileName:D:\Projects\Website Work\todsquare\New_theme_08-Aug-12\Font\test\75\helveticaneueltcom-bd.eot
FileModTime:1344402160
%EndFont

%BeginFont
Handler:DirectoryHandler
FontType:Invalid
OutlineFileName:D:\Projects\Website Work\todsquare\New_theme_08-Aug-12\Font\test\75\helveticaneueltcom-bd.html
FileModTime:1344402160
%EndFont

%BeginFont
Handler:DirectoryHandler
FontType:Invalid
OutlineFileName:D:\Projects\Website Work\todsquare\New_theme_08-Aug-12\Font\test\75\helveticaneueltcom-bd.svg
FileModTime:1344402160
%EndFont

%BeginFont
Handler:DirectoryHandler
FontType:TrueType
FontName:HelveticaNeueLTCom-Bd
FamilyName:Helvetica Neue LT Com
StyleName:75 Bold
FullName:Helvetica Neue LT Com 75 Bold
MenuName:HelveticaNeueLT Com 55 Roman
StyleBits:2
WritingScript:Roman
OutlineFileName:D:\Projects\Website Work\todsquare\New_theme_08-Aug-12\Font\test\75\helveticaneueltcom-bd.ttf
DataFormat:sfntData
FileLength:108524
FileModTime:1344402160
WeightClass:700
WidthClass:5
AngleClass:0
%EndFont

%BeginFont
Handler:DirectoryHandler
FontType:Invalid
OutlineFileName:D:\Projects\Website Work\todsquare\New_theme_08-Aug-12\Font\test\75\helveticaneueltcom-bd.woff
FileModTime:1344402160
%EndFont

